$ cd /workspace/shadcn-ui && find src -name "*.tsx" -o -name "*.ts" | grep -E "(Wallet|tronWeb)" | xargs ls -lh
-rw-r--r-- 1 root root 3.9K Nov 16 11:18 src/components/WalletConnect.tsx
-rw-r--r-- 1 root root 2.2K Nov 16 13:59 src/components/WalletConnectButton.tsx
-rw-r--r-- 1 root root 3.8K Nov 16 14:02 src/contexts/WalletContext.tsx
-rw-r--r-- 1 root root  13K Nov 16 14:02 src/lib/tronWeb.ts
$ cd /workspace/shadcn-ui && grep -n "WalletConnectButton" src/pages/Index.tsx | head -5

8:import WalletConnectButton from '@/components/WalletConnectButton';
124:            <WalletConnectButton />
146:            <WalletConnectButton />
$ cd /workspace/shadcn-ui && grep -n "import.*Wallet" src/App.tsx

6:import { WalletProvider } from '@/contexts/WalletContext';
$ cd /workspace/shadcn-ui && pnpm run build


> shadcnui@ build /workspace/shadcn-ui
> vite build

vite v5.4.19 building for production...
transforming...
✓ 2435 modules transformed.
rendering chunks...
computing gzip size...
dist/index.html                     1.02 kB │ gzip:   0.51 kB
dist/assets/index-C2nU7Vwq.css     69.64 kB │ gzip:  11.89 kB
dist/assets/index-BnQ9JqwW.js   1,338.10 kB │ gzip: 368.84 kB

(!) Some chunks are larger than 500 kB after minification. Consider:
- Using dynamic import() to code-split the application
- Use build.rollupOptions.output.manualChunks to improve chunking: https://rollupjs.org/configuration-options/#output-manualchunks
- Adjust chunk size limit for this warning via build.chunkSizeWarningLimit.
✓ built in 9.68s
$ cd /workspace/shadcn-ui && rm -rf dist && pnpm run build


> shadcnui@ build /workspace/shadcn-ui
> vite build

vite v5.4.19 building for production...
transforming...
✓ 2435 modules transformed.
rendering chunks...
computing gzip size...
dist/index.html                     1.02 kB │ gzip:   0.51 kB
dist/assets/index-C2nU7Vwq.css     69.64 kB │ gzip:  11.89 kB
dist/assets/index-BnQ9JqwW.js   1,338.10 kB │ gzip: 368.84 kB

(!) Some chunks are larger than 500 kB after minification. Consider:
- Using dynamic import() to code-split the application
- Use build.rollupOptions.output.manualChunks to improve chunking: https://rollupjs.org/configuration-options/#output-manualchunks
- Adjust chunk size limit for this warning via build.chunkSizeWarningLimit.
✓ built in 9.70s
$ cd /workspace/shadcn-ui && ls -lh dist/

total 1.4M
drwxr-xr-x 4 root root 1.4M Nov 16 14:24 assets
-rw-r--r-- 1 root root 2.7K Nov 16 14:24 favicon.svg
-rw-r--r-- 1 root root 1.1K Nov 16 14:24 index.html
-rw-r--r-- 1 root root   23 Nov 16 14:24 robots.txt
$ cd /workspace/shadcn-ui && echo "Desarrollo de componentes críticos iniciado..."

Desarrollo de componentes críticos iniciado...
$ cd /workspace/shadcn-ui && pnpm add tronweb

Progress: resolved 0, reused 1, downloaded 0, added 0
Progress: resolved 50, reused 50, downloaded 0, added 0
Progress: resolved 221, reused 221, downloaded 0, added 0
 WARN  1 deprecated subdependencies found: rollup-plugin-terser@7.0.2
Already up to date
Progress: resolved 545, reused 471, downloaded 0, added 0, done

Done in 5.2s
$ cd /workspace/shadcn-ui && pnpm run lint


> shadcnui@ lint /workspace/shadcn-ui
> eslint --quiet ./src


/workspace/shadcn-ui/src/contexts/WalletContext.tsx
   39:55  error  Unexpected any. Specify a different type  @typescript-eslint/no-explicit-any
   40:36  error  Unexpected any. Specify a different type  @typescript-eslint/no-explicit-any
   72:34  error  Unexpected any. Specify a different type  @typescript-eslint/no-explicit-any
   99:56  error  Unexpected any. Specify a different type  @typescript-eslint/no-explicit-any
  105:34  error  Unexpected any. Specify a different type  @typescript-eslint/no-explicit-any
  144:21  error  Unexpected any. Specify a different type  @typescript-eslint/no-explicit-any
  175:21  error  Unexpected any. Specify a different type  @typescript-eslint/no-explicit-any

/workspace/shadcn-ui/src/lib/contractInteraction.ts
  206:20  error  Unexpected any. Specify a different type  @typescript-eslint/no-explicit-any
  207:21  error  Unexpected any. Specify a different type  @typescript-eslint/no-explicit-any
  210:53  error  Unexpected any. Specify a different type  @typescript-eslint/no-explicit-any
  211:33  error  Unexpected any. Specify a different type  @typescript-eslint/no-explicit-any
  256:21  error  Unexpected any. Specify a different type  @typescript-eslint/no-explicit-any
  286:21  error  Unexpected any. Specify a different type  @typescript-eslint/no-explicit-any
  336:36  error  Unexpected any. Specify a different type  @typescript-eslint/no-explicit-any

/workspace/shadcn-ui/src/pages/Index.tsx
   64:21  error  Unexpected any. Specify a different type  @typescript-eslint/no-explicit-any
  109:21  error  Unexpected any. Specify a different type  @typescript-eslint/no-explicit-any

✖ 16 problems (16 errors, 0 warnings)

 ELIFECYCLE  Command failed with exit code 1.
$ cd /workspace/shadcn-ui && pnpm run lint


> shadcnui@ lint /workspace/shadcn-ui
> eslint --quiet ./src

